2026-05-29 19:04:55,807 | INFO | download_data.py:258 | Start download
2026-05-29 19:04:55,808 | INFO | download_data.py:63 | Check ('00a487dd088c6ca2528d025f3273c0a796efe21016d83de0d0aed64e139a5270', 'https://github.com/SerpentAI/SerpentAI')
From https://github.com/SerpentAI/SerpentAI
 * branch            00a487dd088c6ca2528d025f3273c0a796efe210 -> FETCH_HEAD
HEAD is now at 00a487d Create FUNDING.yml
2026-05-29 19:04:57,877 | INFO | download_data.py:90 | Downloaded https://github.com/SerpentAI/SerpentAI 00a487dd088c6ca2528d025f3273c0a796efe210
2026-05-29 19:04:57,877 | INFO | download_data.py:107 | Downloaded: 1/333
2026-05-29 19:04:57,877 | INFO | download_data.py:63 | Check ('03b4a4f7a346ee383edea231dba53f005ca63a9cdaa8deb8236a9023d99157ec', 'https://github.com/Shopify/sarama')
From https://github.com/Shopify/sarama
 * branch            03b4a4f7a346ee383edea231dba53f005ca63a9c -> FETCH_HEAD
HEAD is now at 03b4a4f Merge pull request #1956 from joewreschnig/messagechecker
2026-05-29 19:04:59,514 | INFO | download_data.py:90 | Downloaded https://github.com/Shopify/sarama 03b4a4f7a346ee383edea231dba53f005ca63a9c
2026-05-29 19:04:59,514 | INFO | download_data.py:107 | Downloaded: 2/333
2026-05-29 19:04:59,514 | INFO | download_data.py:63 | Check ('04790a2ed2ec7a3a6eadb55004b5aa499bc8a75d501a8d27984cf024f2c8b231', 'https://github.com/threedr3am/learnjavabug')
From https://github.com/threedr3am/learnjavabug
 * branch            04790a2ed2ec7a3a6eadb55004b5aa499bc8a75d -> FETCH_HEAD
error: invalid path 'shiro/auth-bypass(shiro<1.5.2)/pom.xml'
error: invalid path 'shiro/auth-bypass(shiro<1.5.2)/src/main/java/com/threedr3am/bug/shiro/bypass/auth/Application.java'
error: invalid path 'shiro/auth-bypass(shiro<1.5.2)/src/main/java/com/threedr3am/bug/shiro/bypass/auth/config/ShiroConfig.java'
error: invalid path 'shiro/auth-bypass(shiro<1.5.2)/src/main/java/com/threedr3am/bug/shiro/bypass/auth/controller/BypassTestController.java'
error: invalid path 'shiro/auth-bypass(shiro<1.5.2)/src/main/java/com/threedr3am/bug/shiro/bypass/auth/controller/LoginController.java'
error: invalid path 'shiro/auth-bypass(shiro<1.5.2)/src/main/java/com/threedr3am/bug/shiro/bypass/auth/realm/MyRealm.java'
error: invalid path 'shiro/auth-bypass(shiro<1.5.2)/src/main/resources/application.yml'
error: invalid path 'shiro/auth-bypass(shiro<1.5.3)/pom.xml'
error: invalid path 'shiro/auth-bypass(shiro<1.5.3)/src/main/java/me/threedr3am/bug/shiro/bypass/auth/Application.java'
error: invalid path 'shiro/auth-bypass(shiro<1.5.3)/src/main/java/me/threedr3am/bug/shiro/bypass/auth/config/ShiroConfig.java'
error: invalid path 'shiro/auth-bypass(shiro<1.5.3)/src/main/java/me/threedr3am/bug/shiro/bypass/auth/controller/BypassTestController.java'
error: invalid path 'shiro/auth-bypass(shiro<1.5.3)/src/main/java/me/threedr3am/bug/shiro/bypass/auth/controller/LoginController.java'
error: invalid path 'shiro/auth-bypass(shiro<1.5.3)/src/main/java/me/threedr3am/bug/shiro/bypass/auth/realm/MyRealm.java'
error: invalid path 'shiro/auth-bypass(shiro<1.5.3)/src/main/resources/application.yml'
error: invalid path 'shiro/auth-bypass(shiro<=1.4.1)/pom.xml'
error: invalid path 'shiro/auth-bypass(shiro<=1.4.1)/src/main/java/com/threedr3am/bug/shiro/bypass/auth/Application.java'
error: invalid path 'shiro/auth-bypass(shiro<=1.4.1)/src/main/java/com/threedr3am/bug/shiro/bypass/auth/config/ShiroConfig.java'
error: invalid path 'shiro/auth-bypass(shiro<=1.4.1)/src/main/java/com/threedr3am/bug/shiro/bypass/auth/controller/BypassTestController.java'
error: invalid path 'shiro/auth-bypass(shiro<=1.4.1)/src/main/java/com/threedr3am/bug/shiro/bypass/auth/controller/LoginController.java'
error: invalid path 'shiro/auth-bypass(shiro<=1.4.1)/src/main/java/com/threedr3am/bug/shiro/bypass/auth/realm/MyRealm.java'
2026-05-29 19:05:01,050 | ERROR | download_data.py:92 | Couldn't checkout repo ('04790a2ed2ec7a3a6eadb55004b5aa499bc8a75d501a8d27984cf024f2c8b231', 'https://github.com/threedr3am/learnjavabug')
Traceback (most recent call last):
  File "C:\Users\vbode\OneDrive\Desktop\Cursor\Secret-Squirrel\benchmark\CredData\download_data.py", line 89, in download_and_check
    subprocess.check_call(checkout_step, cwd=repo_dir, shell=True)
    ~~~~~~~~~~~~~~~~~~~~~^^^^^^^^^^^^^^^^^^^^^^^^^^^^^^^^^^^^^^^^^
  File "C:\Users\vbode\AppData\Local\Python\pythoncore-3.14-64\Lib\subprocess.py", line 420, in check_call
    raise CalledProcessError(retcode, cmd)
subprocess.CalledProcessError: Command 'git checkout 04790a2ed2ec7a3a6eadb55004b5aa499bc8a75d' returned non-zero exit status 1.
Stack (most recent call last):
  File "C:\Users\vbode\OneDrive\Desktop\Cursor\Secret-Squirrel\benchmark\CredData\download_data.py", line 286, in <module>
    sys.exit(main(sys.argv))
  File "C:\Users\vbode\OneDrive\Desktop\Cursor\Secret-Squirrel\benchmark\CredData\download_data.py", line 282, in main
    return process(arguments)
  File "C:\Users\vbode\OneDrive\Desktop\Cursor\Secret-Squirrel\benchmark\CredData\download_data.py", line 260, in process
    download(snapshot, jobs)
  File "C:\Users\vbode\OneDrive\Desktop\Cursor\Secret-Squirrel\benchmark\CredData\download_data.py", line 106, in download
    download_and_check(repo_data)
  File "C:\Users\vbode\OneDrive\Desktop\Cursor\Secret-Squirrel\benchmark\CredData\download_data.py", line 92, in download_and_check
    logger.exception(f"Couldn't checkout repo {repo_data}", stack_info=True)
Traceback (most recent call last):
  File "C:\Users\vbode\OneDrive\Desktop\Cursor\Secret-Squirrel\benchmark\CredData\download_data.py", line 286, in <module>
    sys.exit(main(sys.argv))
             ~~~~^^^^^^^^^^
  File "C:\Users\vbode\OneDrive\Desktop\Cursor\Secret-Squirrel\benchmark\CredData\download_data.py", line 282, in main
    return process(arguments)
  File "C:\Users\vbode\OneDrive\Desktop\Cursor\Secret-Squirrel\benchmark\CredData\download_data.py", line 260, in process
    download(snapshot, jobs)
    ~~~~~~~~^^^^^^^^^^^^^^^^
  File "C:\Users\vbode\OneDrive\Desktop\Cursor\Secret-Squirrel\benchmark\CredData\download_data.py", line 106, in download
    download_and_check(repo_data)
    ~~~~~~~~~~~~~~~~~~^^^^^^^^^^^
  File "C:\Users\vbode\OneDrive\Desktop\Cursor\Secret-Squirrel\benchmark\CredData\download_data.py", line 89, in download_and_check
    subprocess.check_call(checkout_step, cwd=repo_dir, shell=True)
    ~~~~~~~~~~~~~~~~~~~~~^^^^^^^^^^^^^^^^^^^^^^^^^^^^^^^^^^^^^^^^^
  File "C:\Users\vbode\AppData\Local\Python\pythoncore-3.14-64\Lib\subprocess.py", line 420, in check_call
    raise CalledProcessError(retcode, cmd)
subprocess.CalledProcessError: Command 'git checkout 04790a2ed2ec7a3a6eadb55004b5aa499bc8a75d' returned non-zero exit status 1.
